2025-10-14T04:31:05.566Z OPTIONS /api/todos 204 0 - 0.948 ms ORIGIN=http://localhost:4200
2025-10-14T04:31:05.607Z POST /api/todos 201 101 - 38.910 ms ORIGIN=http://localhost:4200
2025-10-14T04:31:05.618Z OPTIONS /api/todos?page=1&per_page=12&search= 204 0 - 0.302 ms ORIGIN=http://localhost:4200
2025-10-14T04:31:05.626Z GET /api/todos?page=1&per_page=12&search= 200 268 - 5.294 ms ORIGIN=http://localhost:4200
2025-10-14T04:31:32.656Z OPTIONS /api/todos/2 204 0 - 0.154 ms ORIGIN=http://localhost:4200
2025-10-14T04:31:32.676Z PUT /api/todos/2 200 100 - 18.186 ms ORIGIN=http://localhost:4200
2025-10-14T04:31:33.507Z PUT /api/todos/2 200 101 - 12.752 ms ORIGIN=http://localhost:4200
2025-10-14T04:31:35.409Z PUT /api/todos/2 200 100 - 11.089 ms ORIGIN=http://localhost:4200
2025-10-14T04:31:37.238Z PUT /api/todos/2 200 101 - 5.211 ms ORIGIN=http://localhost:4200
2025-10-14T04:31:42.566Z OPTIONS /api/todos/2 204 0 - 0.160 ms ORIGIN=http://localhost:4200
2025-10-14T04:31:42.581Z DELETE /api/todos/2 200 16 - 13.423 ms ORIGIN=http://localhost:4200
2025-10-14T15:22:50.548Z OPTIONS /api/todos?page=1&per_page=12&search= 204 0 - 1.272 ms ORIGIN=http://localhost:4200
2025-10-14T15:22:50.596Z GET /api/todos?page=1&per_page=12&search= 200 166 - 45.999 ms ORIGIN=http://localhost:4200
2025-10-14T17:10:03.329Z OPTIONS /api/todos?page=1&per_page=12&search= 204 0 - 0.273 ms ORIGIN=http://localhost:4200
2025-10-14T17:10:03.333Z GET /api/todos?page=1&per_page=12&search= 401 38 - 1.626 ms ORIGIN=http://localhost:4200
2025-10-14T17:10:15.917Z OPTIONS /api/todos?page=1&per_page=12&search= 204 0 - 0.157 ms ORIGIN=http://localhost:4200
2025-10-14T17:10:15.920Z GET /api/todos?page=1&per_page=12&search= 401 38 - 1.091 ms ORIGIN=http://localhost:4200
2025-10-14T17:10:17.739Z GET /api/todos?page=1&per_page=12&search= 401 38 - 1.135 ms ORIGIN=http://localhost:4200
2025-10-14T17:10:21.218Z OPTIONS /api/todos?page=1&per_page=12&search= 204 0 - 0.179 ms ORIGIN=http://localhost:4200
2025-10-14T17:10:21.226Z GET /api/todos?page=1&per_page=12&search= 200 166 - 6.052 ms ORIGIN=http://localhost:4200
2025-10-14T17:10:24.103Z GET /api/todos?page=1&per_page=12&search= 304 - - 3.816 ms ORIGIN=http://localhost:4200
2025-10-14T17:10:27.294Z OPTIONS /api/todos?page=1&per_page=12&search= 204 0 - 0.254 ms ORIGIN=http://localhost:4200
2025-10-14T17:10:27.299Z GET /api/todos?page=1&per_page=12&search= 304 - - 3.393 ms ORIGIN=http://localhost:4200
2025-10-14T17:10:42.765Z OPTIONS /api/todos/1 204 0 - 0.154 ms ORIGIN=http://localhost:4200
2025-10-14T17:10:42.812Z PUT /api/todos/1 200 99 - 45.947 ms ORIGIN=http://localhost:4200
2025-10-14T17:10:42.819Z OPTIONS /api/todos?page=1&per_page=12&search= 204 0 - 0.185 ms ORIGIN=http://localhost:4200
2025-10-14T17:10:42.824Z GET /api/todos?page=1&per_page=12&search= 200 165 - 3.881 ms ORIGIN=http://localhost:4200
2025-10-14T17:29:10.942Z OPTIONS /api/todos?page=1&per_page=12&search= 204 0 - 0.194 ms ORIGIN=http://localhost:4200
2025-10-14T17:29:10.948Z GET /api/todos?page=1&per_page=12&search= 304 - - 5.020 ms ORIGIN=http://localhost:4200
2025-10-14T17:30:34.950Z OPTIONS /api/todos 204 0 - 1.060 ms ORIGIN=http://localhost:4200
2025-10-14T17:30:34.985Z POST /api/todos 201 99 - 33.731 ms ORIGIN=http://localhost:4200
2025-10-14T17:30:34.995Z OPTIONS /api/todos?page=1&per_page=12&search= 204 0 - 0.218 ms ORIGIN=http://localhost:4200
2025-10-14T17:30:35.014Z GET /api/todos?page=1&per_page=12&search= 200 265 - 16.954 ms ORIGIN=http://localhost:4200
2025-10-14T17:30:39.305Z POST /api/todos 201 99 - 10.662 ms ORIGIN=http://localhost:4200
2025-10-14T17:30:39.315Z GET /api/todos?page=1&per_page=12&search= 200 365 - 2.874 ms ORIGIN=http://localhost:4200
2025-10-14T17:30:42.237Z OPTIONS /api/todos 204 0 - 0.228 ms ORIGIN=http://localhost:4200
2025-10-14T17:30:42.243Z POST /api/todos 201 100 - 5.073 ms ORIGIN=http://localhost:4200
2025-10-14T17:30:42.251Z OPTIONS /api/todos?page=1&per_page=12&search= 204 0 - 0.178 ms ORIGIN=http://localhost:4200
2025-10-14T17:30:42.255Z GET /api/todos?page=1&per_page=12&search= 200 466 - 2.824 ms ORIGIN=http://localhost:4200
2025-10-14T17:30:45.434Z POST /api/todos 201 101 - 11.753 ms ORIGIN=http://localhost:4200
2025-10-14T17:30:45.442Z GET /api/todos?page=1&per_page=12&search= 200 568 - 3.373 ms ORIGIN=http://localhost:4200
2025-10-14T17:30:48.994Z OPTIONS /api/todos 204 0 - 0.177 ms ORIGIN=http://localhost:4200
2025-10-14T17:30:49.000Z POST /api/todos 201 101 - 4.657 ms ORIGIN=http://localhost:4200
2025-10-14T17:30:49.006Z OPTIONS /api/todos?page=1&per_page=12&search= 204 0 - 0.142 ms ORIGIN=http://localhost:4200
2025-10-14T17:30:49.011Z GET /api/todos?page=1&per_page=12&search= 200 670 - 3.505 ms ORIGIN=http://localhost:4200
2025-10-14T17:30:52.421Z POST /api/todos 201 104 - 10.394 ms ORIGIN=http://localhost:4200
2025-10-14T17:30:52.428Z GET /api/todos?page=1&per_page=12&search= 200 775 - 2.454 ms ORIGIN=http://localhost:4200
2025-10-14T17:30:56.320Z OPTIONS /api/todos 204 0 - 0.148 ms ORIGIN=http://localhost:4200
2025-10-14T17:30:56.325Z POST /api/todos 201 105 - 4.065 ms ORIGIN=http://localhost:4200
2025-10-14T17:30:56.331Z OPTIONS /api/todos?page=1&per_page=12&search= 204 0 - 0.146 ms ORIGIN=http://localhost:4200
2025-10-14T17:30:56.334Z GET /api/todos?page=1&per_page=12&search= 200 881 - 2.337 ms ORIGIN=http://localhost:4200
2025-10-14T17:31:00.755Z POST /api/todos 201 106 - 10.046 ms ORIGIN=http://localhost:4200
2025-10-14T17:31:00.762Z GET /api/todos?page=1&per_page=12&search= 200 988 - 2.353 ms ORIGIN=http://localhost:4200
2025-10-14T17:31:07.795Z OPTIONS /api/todos 204 0 - 0.147 ms ORIGIN=http://localhost:4200
2025-10-14T17:31:07.806Z POST /api/todos 201 110 - 10.439 ms ORIGIN=http://localhost:4200
2025-10-14T17:31:07.812Z OPTIONS /api/todos?page=1&per_page=12&search= 204 0 - 0.145 ms ORIGIN=http://localhost:4200
2025-10-14T17:31:07.815Z GET /api/todos?page=1&per_page=12&search= 200 1100 - 2.325 ms ORIGIN=http://localhost:4200
2025-10-14T17:31:11.409Z POST /api/todos 201 100 - 9.869 ms ORIGIN=http://localhost:4200
2025-10-14T17:31:11.416Z GET /api/todos?page=1&per_page=12&search= 200 1201 - 2.398 ms ORIGIN=http://localhost:4200
2025-10-14T17:31:14.713Z OPTIONS /api/todos 204 0 - 0.147 ms ORIGIN=http://localhost:4200
2025-10-14T17:31:14.725Z POST /api/todos 201 103 - 10.784 ms ORIGIN=http://localhost:4200
2025-10-14T17:31:14.730Z OPTIONS /api/todos?page=1&per_page=12&search= 204 0 - 0.128 ms ORIGIN=http://localhost:4200
2025-10-14T17:31:14.734Z GET /api/todos?page=1&per_page=12&search= 200 1305 - 2.211 ms ORIGIN=http://localhost:4200
2025-10-14T17:31:17.442Z POST /api/todos 201 97 - 10.517 ms ORIGIN=http://localhost:4200
2025-10-14T17:31:17.451Z GET /api/todos?page=1&per_page=12&search= 200 1305 - 2.812 ms ORIGIN=http://localhost:4200
2025-10-14T17:31:19.052Z OPTIONS /api/todos?page=2&per_page=12&search= 204 0 - 0.129 ms ORIGIN=http://localhost:4200
2025-10-14T17:31:19.057Z GET /api/todos?page=2&per_page=12&search= 200 164 - 2.916 ms ORIGIN=http://localhost:4200
2025-10-14T17:31:20.279Z OPTIONS /api/todos?page=1&per_page=12&search= 204 0 - 0.134 ms ORIGIN=http://localhost:4200
2025-10-14T17:31:20.283Z GET /api/todos?page=1&per_page=12&search= 304 - - 2.516 ms ORIGIN=http://localhost:4200
2025-10-14T17:31:23.407Z GET /api/todos?page=2&per_page=12&search= 304 - - 2.864 ms ORIGIN=http://localhost:4200
2025-10-14T17:31:24.962Z GET /api/todos?page=1&per_page=12&search= 304 - - 2.226 ms ORIGIN=http://localhost:4200
2025-10-14T17:31:27.030Z OPTIONS /api/todos?page=1&per_page=12&search=t 204 0 - 0.121 ms ORIGIN=http://localhost:4200
2025-10-14T17:31:27.038Z GET /api/todos?page=1&per_page=12&search=t 200 265 - 6.881 ms ORIGIN=http://localhost:4200
2025-10-14T17:31:27.092Z OPTIONS /api/todos?page=1&per_page=12&search=te 204 0 - 0.123 ms ORIGIN=http://localhost:4200
2025-10-14T17:31:27.096Z GET /api/todos?page=1&per_page=12&search=te 200 265 - 2.304 ms ORIGIN=http://localhost:4200
2025-10-14T17:31:27.321Z OPTIONS /api/todos?page=1&per_page=12&search=tex 204 0 - 0.136 ms ORIGIN=http://localhost:4200
2025-10-14T17:31:27.331Z GET /api/todos?page=1&per_page=12&search=tex 200 66 - 8.202 ms ORIGIN=http://localhost:4200
2025-10-14T17:31:27.440Z OPTIONS /api/todos?page=1&per_page=12&search=text 204 0 - 0.130 ms ORIGIN=http://localhost:4200
2025-10-14T17:31:27.444Z GET /api/todos?page=1&per_page=12&search=text 200 66 - 2.006 ms ORIGIN=http://localhost:4200
2025-10-14T17:31:27.501Z OPTIONS /api/todos?page=1&per_page=12&search=texte 204 0 - 0.126 ms ORIGIN=http://localhost:4200
2025-10-14T17:31:27.505Z GET /api/todos?page=1&per_page=12&search=texte 200 66 - 2.127 ms ORIGIN=http://localhost:4200
2025-10-14T17:31:28.161Z GET /api/todos?page=1&per_page=12&search=text 304 - - 2.107 ms ORIGIN=http://localhost:4200
2025-10-14T17:31:28.309Z GET /api/todos?page=1&per_page=12&search=tex 304 - - 2.094 ms ORIGIN=http://localhost:4200
2025-10-14T17:31:28.413Z OPTIONS /api/todos?page=1&per_page=12&search=texs 204 0 - 0.126 ms ORIGIN=http://localhost:4200
2025-10-14T17:31:28.416Z GET /api/todos?page=1&per_page=12&search=texs 200 66 - 1.953 ms ORIGIN=http://localhost:4200
2025-10-14T17:31:28.751Z GET /api/todos?page=1&per_page=12&search=tex 304 - - 2.147 ms ORIGIN=http://localhost:4200
2025-10-14T17:31:28.899Z GET /api/todos?page=1&per_page=12&search=te 304 - - 2.103 ms ORIGIN=http://localhost:4200
2025-10-14T17:31:29.024Z OPTIONS /api/todos?page=1&per_page=12&search=tes 204 0 - 0.135 ms ORIGIN=http://localhost:4200
2025-10-14T17:31:29.028Z GET /api/todos?page=1&per_page=12&search=tes 200 265 - 2.155 ms ORIGIN=http://localhost:4200
2025-10-14T17:31:29.180Z OPTIONS /api/todos?page=1&per_page=12&search=test 204 0 - 0.122 ms ORIGIN=http://localhost:4200
2025-10-14T17:31:29.183Z GET /api/todos?page=1&per_page=12&search=test 200 265 - 2.214 ms ORIGIN=http://localhost:4200
2025-10-14T17:31:29.240Z OPTIONS /api/todos?page=1&per_page=12&search=teste 204 0 - 0.127 ms ORIGIN=http://localhost:4200
2025-10-14T17:31:29.243Z GET /api/todos?page=1&per_page=12&search=teste 200 265 - 2.016 ms ORIGIN=http://localhost:4200
2025-10-14T17:31:29.797Z GET /api/todos?page=1&per_page=12&search=test 304 - - 2.205 ms ORIGIN=http://localhost:4200
2025-10-14T17:31:29.950Z GET /api/todos?page=1&per_page=12&search=tes 304 - - 2.079 ms ORIGIN=http://localhost:4200
2025-10-14T17:31:30.102Z GET /api/todos?page=1&per_page=12&search=te 304 - - 2.221 ms ORIGIN=http://localhost:4200
2025-10-14T17:31:30.256Z GET /api/todos?page=1&per_page=12&search=t 304 - - 2.655 ms ORIGIN=http://localhost:4200
2025-10-14T17:31:30.422Z OPTIONS /api/todos?page=1&per_page=12&search= 204 0 - 0.129 ms ORIGIN=http://localhost:4200
2025-10-14T17:31:30.426Z GET /api/todos?page=1&per_page=12&search= 304 - - 2.232 ms ORIGIN=http://localhost:4200
2025-10-14T17:55:03.830Z OPTIONS /api/todos?page=1&per_page=12&search= 204 0 - 0.171 ms ORIGIN=http://localhost:4200
2025-10-14T17:55:03.836Z GET /api/todos?page=1&per_page=12&search= 304 - - 5.203 ms ORIGIN=http://localhost:4200
2025-10-14T18:05:00.145Z OPTIONS /api/todos?page=1&per_page=12&search= 204 0 - 1.072 ms ORIGIN=http://localhost:4200
2025-10-14T18:05:00.165Z GET /api/todos?page=1&per_page=12&search= 304 - - 15.535 ms ORIGIN=http://localhost:4200
2025-10-14T18:05:17.101Z OPTIONS /api/todos?page=1&per_page=12&search= 204 0 - 0.208 ms ORIGIN=http://localhost:4200
2025-10-14T18:05:17.106Z GET /api/todos?page=1&per_page=12&search= 304 - - 3.383 ms ORIGIN=http://localhost:4200
2025-10-14T18:08:59.773Z OPTIONS /api/todos?page=2&per_page=12&search= 204 0 - 0.247 ms ORIGIN=http://localhost:4200
2025-10-14T18:08:59.782Z GET /api/todos?page=2&per_page=12&search= 304 - - 3.448 ms ORIGIN=http://localhost:4200
2025-10-14T18:09:01.637Z OPTIONS /api/todos?page=1&per_page=12&search= 204 0 - 0.237 ms ORIGIN=http://localhost:4200
2025-10-14T18:09:01.642Z GET /api/todos?page=1&per_page=12&search= 304 - - 2.942 ms ORIGIN=http://localhost:4200
2025-10-14T18:09:19.288Z GET /api/todos?page=1&per_page=12&done=false 401 42 - 0.841 ms ORIGIN=http://localhost:4200
2025-10-14T18:09:19.289Z GET /api/todos?page=1&per_page=12&done=false 401 42 - 0.343 ms ORIGIN=http://localhost:4200
2025-10-14T18:09:43.669Z GET /api/todos?page=1&per_page=12&done=true 401 42 - 0.526 ms ORIGIN=http://localhost:4200
2025-10-14T18:09:46.985Z GET /api/todos?page=1&per_page=12&done=false 401 42 - 0.294 ms ORIGIN=http://localhost:4200
2025-10-14T18:09:50.502Z GET /api/todos?page=1&per_page=12&done=false 401 42 - 0.460 ms ORIGIN=http://localhost:4200
2025-10-14T18:09:50.504Z GET /api/todos?page=1&per_page=12&done=false 401 42 - 0.410 ms ORIGIN=http://localhost:4200
2025-10-14T18:09:55.310Z GET /api/todos?page=1&per_page=12&done=false 401 42 - 0.264 ms ORIGIN=http://localhost:4200
2025-10-14T18:09:55.311Z GET /api/todos?page=1&per_page=12&done=false 401 42 - 0.237 ms ORIGIN=http://localhost:4200
2025-10-14T18:09:58.693Z GET /api/todos?page=1&per_page=12&done=true 401 42 - 0.275 ms ORIGIN=http://localhost:4200
2025-10-14T18:10:02.876Z GET /api/todos?page=1&per_page=12&done=false 401 42 - 0.339 ms ORIGIN=http://localhost:4200
2025-10-14T18:18:41.214Z OPTIONS /api/todos 204 0 - 0.233 ms ORIGIN=http://localhost:4200
2025-10-14T18:18:41.229Z POST /api/todos 401 42 - 13.711 ms ORIGIN=http://localhost:4200
2025-10-14T18:18:46.500Z OPTIONS /api/todos 204 0 - 0.155 ms ORIGIN=http://localhost:4200
2025-10-14T18:18:46.503Z POST /api/todos 401 42 - 0.905 ms ORIGIN=http://localhost:4200
2025-10-14T18:19:00.990Z OPTIONS /api/todos 204 0 - 0.137 ms ORIGIN=http://localhost:4200
2025-10-14T18:19:00.992Z POST /api/todos 401 42 - 0.477 ms ORIGIN=http://localhost:4200
2025-10-14T18:19:04.935Z POST /api/todos 401 42 - 0.514 ms ORIGIN=http://localhost:4200
2025-10-14T18:19:05.415Z POST /api/todos 401 42 - 0.770 ms ORIGIN=http://localhost:4200
2025-10-14T18:19:05.589Z POST /api/todos 401 42 - 0.691 ms ORIGIN=http://localhost:4200
2025-10-14T18:19:05.757Z POST /api/todos 401 42 - 0.531 ms ORIGIN=http://localhost:4200
2025-10-14T18:19:05.916Z POST /api/todos 401 42 - 0.559 ms ORIGIN=http://localhost:4200
2025-10-14T18:19:06.087Z OPTIONS /api/todos 204 0 - 0.236 ms ORIGIN=http://localhost:4200
2025-10-14T18:19:06.090Z POST /api/todos 401 42 - 0.824 ms ORIGIN=http://localhost:4200
2025-10-14T18:19:06.247Z POST /api/todos 401 42 - 0.542 ms ORIGIN=http://localhost:4200
2025-10-14T18:19:06.407Z POST /api/todos 401 42 - 0.653 ms ORIGIN=http://localhost:4200
2025-10-14T18:19:06.572Z POST /api/todos 401 42 - 0.655 ms ORIGIN=http://localhost:4200
2025-10-14T18:24:40.744Z GET /api/todos?page=1&per_page=12&done=false 401 42 - 0.333 ms ORIGIN=http://localhost:4200
2025-10-14T18:24:40.750Z GET /api/todos?page=1&per_page=12&done=false 401 42 - 0.333 ms ORIGIN=http://localhost:4200
2025-10-14T18:30:08.441Z OPTIONS /api/todos?page=1&per_page=12&done=false 204 0 - 0.299 ms ORIGIN=http://localhost:4200
2025-10-14T18:30:08.443Z OPTIONS /api/todos?page=1&per_page=12&done=false 204 0 - 0.159 ms ORIGIN=http://localhost:4200
2025-10-14T18:30:08.473Z GET /api/todos?page=1&per_page=12&done=false 200 1303 - 6.590 ms ORIGIN=http://localhost:4200
2025-10-14T18:30:08.474Z GET /api/todos?page=1&per_page=12&done=false 200 1303 - 5.181 ms ORIGIN=http://localhost:4200
2025-10-14T18:30:16.139Z OPTIONS /api/todos?page=1&per_page=12&done=false 204 0 - 0.153 ms ORIGIN=http://localhost:4200
2025-10-14T18:30:16.139Z OPTIONS /api/todos?page=1&per_page=12&done=false 204 0 - 0.095 ms ORIGIN=http://localhost:4200
2025-10-14T18:30:16.145Z GET /api/todos?page=1&per_page=12&done=false 304 - - 3.137 ms ORIGIN=http://localhost:4200
2025-10-14T18:30:16.145Z GET /api/todos?page=1&per_page=12&done=false 200 1303 - 2.123 ms ORIGIN=http://localhost:4200
2025-10-14T18:30:42.617Z OPTIONS /api/todos?page=1&per_page=12&done=true 204 0 - 0.138 ms ORIGIN=http://localhost:4200
2025-10-14T18:30:42.622Z GET /api/todos?page=1&per_page=12&done=true 200 165 - 3.220 ms ORIGIN=http://localhost:4200
2025-10-14T18:30:43.993Z OPTIONS /api/todos?page=1&per_page=12&done=false 204 0 - 0.126 ms ORIGIN=http://localhost:4200
2025-10-14T18:30:43.996Z GET /api/todos?page=1&per_page=12&done=false 304 - - 2.120 ms ORIGIN=http://localhost:4200
2025-10-14T18:30:54.198Z OPTIONS /api/todos?page=1&per_page=12&done=true 204 0 - 0.132 ms ORIGIN=http://localhost:4200
2025-10-14T18:30:54.202Z GET /api/todos?page=1&per_page=12&done=true 304 - - 1.985 ms ORIGIN=http://localhost:4200
2025-10-14T18:30:55.109Z OPTIONS /api/todos/1 204 0 - 0.130 ms ORIGIN=http://localhost:4200
2025-10-14T18:30:55.124Z PUT /api/todos/1 200 100 - 13.486 ms ORIGIN=http://localhost:4200
2025-10-14T18:30:55.131Z GET /api/todos?page=1&per_page=12&done=true 200 66 - 1.965 ms ORIGIN=http://localhost:4200
2025-10-14T18:30:56.439Z OPTIONS /api/todos?page=1&per_page=12&done=false 204 0 - 0.127 ms ORIGIN=http://localhost:4200
2025-10-14T18:30:56.443Z GET /api/todos?page=1&per_page=12&done=false 200 1306 - 2.014 ms ORIGIN=http://localhost:4200
2025-10-14T18:30:57.963Z OPTIONS /api/todos?page=2&per_page=12&done=false 204 0 - 0.110 ms ORIGIN=http://localhost:4200
2025-10-14T18:30:57.964Z GET /api/todos?page=1&per_page=12&done=false 304 - - 2.397 ms ORIGIN=http://localhost:4200
2025-10-14T18:30:57.967Z GET /api/todos?page=2&per_page=12&done=false 200 164 - 1.886 ms ORIGIN=http://localhost:4200
2025-10-14T18:30:57.977Z GET /api/todos?page=1&per_page=12&done=false 304 - - 2.189 ms ORIGIN=http://localhost:4200
2025-10-14T18:30:58.850Z GET /api/todos?page=2&per_page=12&done=false 304 - - 2.731 ms ORIGIN=http://localhost:4200
2025-10-14T18:30:58.850Z GET /api/todos?page=1&per_page=12&done=false 304 - - 1.931 ms ORIGIN=http://localhost:4200
2025-10-14T18:30:58.858Z GET /api/todos?page=1&per_page=12&done=false 304 - - 2.120 ms ORIGIN=http://localhost:4200
2025-10-14T18:31:00.803Z GET /api/todos?page=2&per_page=12&done=false 304 - - 2.540 ms ORIGIN=http://localhost:4200
2025-10-14T18:31:00.804Z GET /api/todos?page=1&per_page=12&done=false 304 - - 1.885 ms ORIGIN=http://localhost:4200
2025-10-14T18:31:00.812Z GET /api/todos?page=1&per_page=12&done=false 304 - - 2.652 ms ORIGIN=http://localhost:4200
2025-10-14T18:31:02.667Z GET /api/todos?page=2&per_page=12&done=false 304 - - 2.329 ms ORIGIN=http://localhost:4200
2025-10-14T18:31:02.667Z OPTIONS /api/todos?page=1&per_page=12&done=false 204 0 - 0.140 ms ORIGIN=http://localhost:4200
2025-10-14T18:31:02.671Z GET /api/todos?page=1&per_page=12&done=false 304 - - 2.095 ms ORIGIN=http://localhost:4200
2025-10-14T18:31:02.677Z GET /api/todos?page=1&per_page=12&done=false 304 - - 2.191 ms ORIGIN=http://localhost:4200
2025-10-14T18:31:05.382Z OPTIONS /api/todos?page=2&per_page=12&done=false 204 0 - 0.100 ms ORIGIN=http://localhost:4200
2025-10-14T18:31:05.382Z GET /api/todos?page=1&per_page=12&done=false 304 - - 2.115 ms ORIGIN=http://localhost:4200
2025-10-14T18:31:05.386Z GET /api/todos?page=2&per_page=12&done=false 304 - - 2.099 ms ORIGIN=http://localhost:4200
2025-10-14T18:31:05.396Z GET /api/todos?page=1&per_page=12&done=false 304 - - 2.829 ms ORIGIN=http://localhost:4200
2025-10-14T18:31:06.832Z GET /api/todos?page=2&per_page=12&done=false 304 - - 5.119 ms ORIGIN=http://localhost:4200
2025-10-14T18:31:06.833Z GET /api/todos?page=1&per_page=12&done=false 304 - - 1.911 ms ORIGIN=http://localhost:4200
2025-10-14T18:31:06.840Z GET /api/todos?page=1&per_page=12&done=false 304 - - 2.181 ms ORIGIN=http://localhost:4200
2025-10-14T18:31:07.763Z GET /api/todos?page=2&per_page=12&done=false 304 - - 1.880 ms ORIGIN=http://localhost:4200
2025-10-14T18:31:07.764Z OPTIONS /api/todos?page=1&per_page=12&done=false 204 0 - 0.093 ms ORIGIN=http://localhost:4200
2025-10-14T18:31:07.768Z GET /api/todos?page=1&per_page=12&done=false 304 - - 2.079 ms ORIGIN=http://localhost:4200
2025-10-14T18:31:07.773Z GET /api/todos?page=1&per_page=12&done=false 200 1306 - 2.314 ms ORIGIN=http://localhost:4200
2025-10-14T18:31:08.451Z GET /api/todos?page=2&per_page=12&done=false 304 - - 2.561 ms ORIGIN=http://localhost:4200
2025-10-14T18:31:08.451Z GET /api/todos?page=1&per_page=12&done=false 304 - - 1.782 ms ORIGIN=http://localhost:4200
2025-10-14T18:31:08.458Z GET /api/todos?page=1&per_page=12&done=false 304 - - 2.001 ms ORIGIN=http://localhost:4200
2025-10-14T18:31:08.875Z GET /api/todos?page=2&per_page=12&done=false 304 - - 3.298 ms ORIGIN=http://localhost:4200
2025-10-14T18:31:08.876Z GET /api/todos?page=1&per_page=12&done=false 304 - - 2.414 ms ORIGIN=http://localhost:4200
2025-10-14T18:31:08.884Z GET /api/todos?page=1&per_page=12&done=false 304 - - 2.087 ms ORIGIN=http://localhost:4200
2025-10-14T18:31:09.180Z GET /api/todos?page=2&per_page=12&done=false 304 - - 2.445 ms ORIGIN=http://localhost:4200
2025-10-14T18:31:09.181Z GET /api/todos?page=1&per_page=12&done=false 304 - - 1.791 ms ORIGIN=http://localhost:4200
2025-10-14T18:31:09.188Z GET /api/todos?page=1&per_page=12&done=false 304 - - 2.258 ms ORIGIN=http://localhost:4200
2025-10-14T18:31:09.359Z GET /api/todos?page=2&per_page=12&done=false 304 - - 3.015 ms ORIGIN=http://localhost:4200
2025-10-14T18:31:09.359Z GET /api/todos?page=1&per_page=12&done=false 304 - - 2.154 ms ORIGIN=http://localhost:4200
2025-10-14T18:31:09.367Z GET /api/todos?page=1&per_page=12&done=false 304 - - 2.100 ms ORIGIN=http://localhost:4200
2025-10-14T18:31:09.707Z GET /api/todos?page=2&per_page=12&done=false 304 - - 2.643 ms ORIGIN=http://localhost:4200
2025-10-14T18:31:09.707Z GET /api/todos?page=1&per_page=12&done=false 304 - - 1.753 ms ORIGIN=http://localhost:4200
2025-10-14T18:31:09.715Z GET /api/todos?page=1&per_page=12&done=false 304 - - 2.394 ms ORIGIN=http://localhost:4200
2025-10-14T18:31:09.917Z GET /api/todos?page=2&per_page=12&done=false 304 - - 3.837 ms ORIGIN=http://localhost:4200
2025-10-14T18:31:09.918Z GET /api/todos?page=1&per_page=12&done=false 304 - - 3.554 ms ORIGIN=http://localhost:4200
2025-10-14T18:31:09.925Z GET /api/todos?page=1&per_page=12&done=false 304 - - 2.199 ms ORIGIN=http://localhost:4200
2025-10-14T18:31:10.640Z OPTIONS /api/todos?page=2&per_page=12&done=false 204 0 - 0.122 ms ORIGIN=http://localhost:4200
2025-10-14T18:31:10.641Z GET /api/todos?page=1&per_page=12&done=false 304 - - 2.305 ms ORIGIN=http://localhost:4200
2025-10-14T18:31:10.645Z GET /api/todos?page=2&per_page=12&done=false 304 - - 2.036 ms ORIGIN=http://localhost:4200
2025-10-14T18:31:10.654Z GET /api/todos?page=1&per_page=12&done=false 304 - - 2.202 ms ORIGIN=http://localhost:4200
2025-10-14T18:31:21.585Z OPTIONS /api/todos?page=2&per_page=12&done=false 204 0 - 0.120 ms ORIGIN=http://localhost:4200
2025-10-14T18:31:21.586Z OPTIONS /api/todos?page=1&per_page=12&done=false 204 0 - 0.102 ms ORIGIN=http://localhost:4200
2025-10-14T18:31:21.591Z GET /api/todos?page=2&per_page=12&done=false 304 - - 2.546 ms ORIGIN=http://localhost:4200
2025-10-14T18:31:21.591Z GET /api/todos?page=1&per_page=12&done=false 304 - - 1.764 ms ORIGIN=http://localhost:4200
2025-10-14T18:31:21.600Z GET /api/todos?page=1&per_page=12&done=false 304 - - 2.217 ms ORIGIN=http://localhost:4200
2025-10-14T19:03:15.778Z OPTIONS /api/todos 204 0 - 0.167 ms ORIGIN=http://localhost:4200
2025-10-14T19:03:15.787Z POST /api/todos 201 102 - 7.359 ms ORIGIN=http://localhost:4200
2025-10-14T19:03:15.796Z OPTIONS /api/todos?page=1&per_page=12&done=false 204 0 - 0.122 ms ORIGIN=http://localhost:4200
2025-10-14T19:03:15.801Z GET /api/todos?page=1&per_page=12&done=false 200 1306 - 3.046 ms ORIGIN=http://localhost:4200
2025-10-14T19:03:21.545Z OPTIONS /api/todos?page=2&per_page=12&done=false 204 0 - 0.116 ms ORIGIN=http://localhost:4200
2025-10-14T19:03:21.546Z OPTIONS /api/todos?page=1&per_page=12&done=false 204 0 - 0.134 ms ORIGIN=http://localhost:4200
2025-10-14T19:03:21.552Z GET /api/todos?page=2&per_page=12&done=false 200 267 - 2.946 ms ORIGIN=http://localhost:4200
2025-10-14T19:03:21.553Z GET /api/todos?page=1&per_page=12&done=false 304 - - 2.487 ms ORIGIN=http://localhost:4200
2025-10-14T19:03:21.563Z GET /api/todos?page=1&per_page=12&done=false 304 - - 2.798 ms ORIGIN=http://localhost:4200
2025-10-14T19:03:26.101Z GET /api/todos?page=2&per_page=12&done=false 304 - - 2.995 ms ORIGIN=http://localhost:4200
2025-10-14T19:03:26.103Z GET /api/todos?page=1&per_page=12&done=false 304 - - 2.595 ms ORIGIN=http://localhost:4200
2025-10-14T19:03:26.112Z GET /api/todos?page=1&per_page=12&done=false 304 - - 2.622 ms ORIGIN=http://localhost:4200
2025-10-14T19:23:59.692Z OPTIONS /api/todos?page=1&per_page=12&done=true 204 0 - 0.196 ms ORIGIN=http://localhost:4200
2025-10-14T19:23:59.696Z GET /api/todos?page=1&per_page=12&done=true 401 38 - 1.751 ms ORIGIN=http://localhost:4200
2025-10-14T19:24:01.932Z GET /api/todos?page=1&per_page=12&done=true 401 38 - 1.041 ms ORIGIN=http://localhost:4200
2025-10-14T19:24:01.933Z OPTIONS /api/todos?page=2&per_page=12&done=true 204 0 - 0.104 ms ORIGIN=http://localhost:4200
2025-10-14T19:24:01.941Z GET /api/todos?page=2&per_page=12&done=true 401 38 - 2.726 ms ORIGIN=http://localhost:4200
2025-10-14T19:24:04.484Z OPTIONS /api/todos/1 204 0 - 0.168 ms ORIGIN=http://localhost:4200
2025-10-14T19:24:04.487Z PUT /api/todos/1 401 38 - 1.214 ms ORIGIN=http://localhost:4200
2025-10-14T19:24:06.674Z OPTIONS /api/todos?page=1&per_page=12&done=false 204 0 - 0.129 ms ORIGIN=http://localhost:4200
2025-10-14T19:24:06.677Z GET /api/todos?page=1&per_page=12&done=false 401 38 - 0.936 ms ORIGIN=http://localhost:4200
2025-10-14T19:24:07.028Z OPTIONS /api/todos?page=1&per_page=12&done=true 204 0 - 0.121 ms ORIGIN=http://localhost:4200
2025-10-14T19:24:07.030Z GET /api/todos?page=1&per_page=12&done=true 401 38 - 0.932 ms ORIGIN=http://localhost:4200
2025-10-14T19:24:10.472Z GET /api/todos?page=1&per_page=12&done=false 401 38 - 1.050 ms ORIGIN=http://localhost:4200
2025-10-14T19:24:10.838Z GET /api/todos?page=1&per_page=12&done=true 401 38 - 0.957 ms ORIGIN=http://localhost:4200
2025-10-14T19:24:15.072Z OPTIONS /api/todos?page=1&per_page=12&done=false 204 0 - 0.195 ms ORIGIN=http://localhost:4200
2025-10-14T19:24:15.073Z OPTIONS /api/todos?page=1&per_page=12&done=false 204 0 - 0.093 ms ORIGIN=http://localhost:4200
2025-10-14T19:24:15.075Z GET /api/todos?page=1&per_page=12&done=false 401 38 - 0.953 ms ORIGIN=http://localhost:4200
2025-10-14T19:24:15.077Z GET /api/todos?page=1&per_page=12&done=false 401 38 - 0.933 ms ORIGIN=http://localhost:4200
2025-10-14T19:24:34.548Z OPTIONS /api/todos?page=1&per_page=12&done=false 204 0 - 0.263 ms ORIGIN=http://localhost:4200
2025-10-14T19:24:34.549Z OPTIONS /api/todos?page=1&per_page=12&done=false 204 0 - 0.156 ms ORIGIN=http://localhost:4200
2025-10-14T19:24:34.554Z GET /api/todos?page=1&per_page=12&done=false 401 38 - 0.987 ms ORIGIN=http://localhost:4200
2025-10-14T19:24:34.555Z GET /api/todos?page=1&per_page=12&done=false 401 38 - 0.961 ms ORIGIN=http://localhost:4200
2025-10-14T19:25:09.674Z OPTIONS /api/todos?page=1&per_page=12&done=false 204 0 - 0.161 ms ORIGIN=http://localhost:4200
2025-10-14T19:25:09.674Z OPTIONS /api/todos?page=1&per_page=12&done=false 204 0 - 0.079 ms ORIGIN=http://localhost:4200
2025-10-14T19:25:09.682Z GET /api/todos?page=1&per_page=12&done=false 200 1306 - 4.917 ms ORIGIN=http://localhost:4200
2025-10-14T19:25:09.705Z GET /api/todos?page=1&per_page=12&done=false 200 1306 - 26.372 ms ORIGIN=http://localhost:4200
2025-10-14T19:25:13.424Z OPTIONS /api/todos/4 204 0 - 0.159 ms ORIGIN=http://localhost:4200
2025-10-14T19:25:13.431Z PUT /api/todos/4 200 98 - 5.542 ms ORIGIN=http://localhost:4200
2025-10-14T19:25:13.438Z GET /api/todos?page=1&per_page=12&done=false 200 1304 - 1.962 ms ORIGIN=http://localhost:4200
2025-10-14T19:25:14.682Z OPTIONS /api/todos?page=1&per_page=12&done=true 204 0 - 0.127 ms ORIGIN=http://localhost:4200
2025-10-14T19:25:14.686Z GET /api/todos?page=1&per_page=12&done=true 200 164 - 1.826 ms ORIGIN=http://localhost:4200
2025-10-14T19:25:15.836Z OPTIONS /api/todos?page=1&per_page=12&done=false 204 0 - 0.127 ms ORIGIN=http://localhost:4200
2025-10-14T19:25:15.840Z GET /api/todos?page=1&per_page=12&done=false 304 - - 2.299 ms ORIGIN=http://localhost:4200
2025-10-14T19:29:46.255Z OPTIONS /api/todos?page=1&per_page=12&done=false 204 0 - 0.183 ms ORIGIN=http://localhost:4200
2025-10-14T19:29:46.284Z OPTIONS /api/todos?page=1&per_page=12&done=false 204 0 - 0.147 ms ORIGIN=http://localhost:4200
2025-10-14T19:29:46.289Z GET /api/todos?page=1&per_page=12&done=false 304 - - 4.026 ms ORIGIN=http://localhost:4200
2025-10-14T19:29:46.289Z GET /api/todos?page=1&per_page=12&done=false 200 1304 - 2.851 ms ORIGIN=http://localhost:4200
2025-10-14T19:29:57.958Z OPTIONS /api/todos?page=2&per_page=12&done=false 204 0 - 0.986 ms ORIGIN=http://localhost:4200
2025-10-14T19:29:57.960Z OPTIONS /api/todos?page=1&per_page=12&done=false 204 0 - 0.265 ms ORIGIN=http://localhost:4200
2025-10-14T19:29:57.976Z GET /api/todos?page=2&per_page=12&done=false 200 169 - 14.409 ms ORIGIN=http://localhost:4200
2025-10-14T19:29:57.977Z GET /api/todos?page=1&per_page=12&done=false 304 - - 9.091 ms ORIGIN=http://localhost:4200
2025-10-14T19:29:57.987Z GET /api/todos?page=1&per_page=12&done=false 304 - - 3.346 ms ORIGIN=http://localhost:4200
2025-10-14T19:29:59.962Z GET /api/todos?page=2&per_page=12&done=false 304 - - 4.529 ms ORIGIN=http://localhost:4200
2025-10-14T19:29:59.962Z GET /api/todos?page=1&per_page=12&done=false 304 - - 3.540 ms ORIGIN=http://localhost:4200
2025-10-14T19:29:59.973Z GET /api/todos?page=1&per_page=12&done=false 304 - - 2.590 ms ORIGIN=http://localhost:4200
2025-10-14T19:30:01.344Z GET /api/todos?page=2&per_page=12&done=false 304 - - 4.401 ms ORIGIN=http://localhost:4200
2025-10-14T19:30:01.345Z GET /api/todos?page=1&per_page=12&done=false 304 - - 3.479 ms ORIGIN=http://localhost:4200
2025-10-14T19:30:01.356Z GET /api/todos?page=1&per_page=12&done=false 304 - - 3.176 ms ORIGIN=http://localhost:4200
2025-10-14T19:30:03.581Z OPTIONS /api/todos?page=2&per_page=12&done=false 204 0 - 0.161 ms ORIGIN=http://localhost:4200
2025-10-14T19:30:03.583Z OPTIONS /api/todos?page=1&per_page=12&done=false 204 0 - 0.121 ms ORIGIN=http://localhost:4200
2025-10-14T19:30:03.589Z GET /api/todos?page=2&per_page=12&done=false 304 - - 5.053 ms ORIGIN=http://localhost:4200
2025-10-14T19:30:03.589Z GET /api/todos?page=1&per_page=12&done=false 304 - - 2.427 ms ORIGIN=http://localhost:4200
2025-10-14T19:30:03.603Z GET /api/todos?page=1&per_page=12&done=false 304 - - 7.055 ms ORIGIN=http://localhost:4200
2025-10-14T19:30:05.053Z GET /api/todos?page=2&per_page=12&done=false 304 - - 5.207 ms ORIGIN=http://localhost:4200
2025-10-14T19:30:05.053Z GET /api/todos?page=1&per_page=12&done=false 304 - - 2.271 ms ORIGIN=http://localhost:4200
2025-10-14T19:30:05.063Z GET /api/todos?page=1&per_page=12&done=false 304 - - 4.836 ms ORIGIN=http://localhost:4200
2025-10-14T19:30:42.590Z OPTIONS /api/todos?page=1&per_page=12&done=false 204 0 - 0.175 ms ORIGIN=http://localhost:4200
2025-10-14T19:30:42.592Z OPTIONS /api/todos?page=1&per_page=12&done=false 204 0 - 0.216 ms ORIGIN=http://localhost:4200
2025-10-14T19:30:42.598Z GET /api/todos?page=1&per_page=12&done=false 304 - - 3.990 ms ORIGIN=http://localhost:4200
2025-10-14T19:30:42.598Z GET /api/todos?page=1&per_page=12&done=false 200 1304 - 2.352 ms ORIGIN=http://localhost:4200
2025-10-14T19:30:44.368Z OPTIONS /api/todos?page=2&per_page=12&done=false 204 0 - 0.116 ms ORIGIN=http://localhost:4200
2025-10-14T19:30:44.369Z GET /api/todos?page=1&per_page=12&done=false 304 - - 2.782 ms ORIGIN=http://localhost:4200
2025-10-14T19:30:44.372Z GET /api/todos?page=2&per_page=12&done=false 304 - - 2.485 ms ORIGIN=http://localhost:4200
2025-10-14T19:30:44.382Z GET /api/todos?page=1&per_page=12&done=false 304 - - 2.451 ms ORIGIN=http://localhost:4200
2025-10-14T19:30:47.046Z GET /api/todos?page=2&per_page=12&done=false 304 - - 2.841 ms ORIGIN=http://localhost:4200
2025-10-14T19:30:47.047Z GET /api/todos?page=1&per_page=12&done=false 304 - - 1.970 ms ORIGIN=http://localhost:4200
2025-10-14T19:30:47.053Z GET /api/todos?page=1&per_page=12&done=false 304 - - 2.220 ms ORIGIN=http://localhost:4200
2025-10-14T19:30:51.809Z OPTIONS /api/todos?page=1&per_page=12&done=true 204 0 - 0.209 ms ORIGIN=http://localhost:4200
2025-10-14T19:30:51.813Z GET /api/todos?page=1&per_page=12&done=true 304 - - 2.027 ms ORIGIN=http://localhost:4200
2025-10-14T19:30:55.179Z OPTIONS /api/todos?page=1&per_page=12&done=false 204 0 - 0.149 ms ORIGIN=http://localhost:4200
2025-10-14T19:30:55.183Z GET /api/todos?page=1&per_page=12&done=false 304 - - 2.056 ms ORIGIN=http://localhost:4200
2025-10-14T19:30:56.694Z OPTIONS /api/todos?page=2&per_page=12&done=false 204 0 - 0.134 ms ORIGIN=http://localhost:4200
2025-10-14T19:30:56.694Z GET /api/todos?page=1&per_page=12&done=false 304 - - 2.295 ms ORIGIN=http://localhost:4200
2025-10-14T19:30:56.698Z GET /api/todos?page=2&per_page=12&done=false 304 - - 2.065 ms ORIGIN=http://localhost:4200
2025-10-14T19:30:56.707Z GET /api/todos?page=1&per_page=12&done=false 304 - - 3.239 ms ORIGIN=http://localhost:4200
2025-10-14T19:30:59.891Z GET /api/todos?page=2&per_page=12&done=false 304 - - 2.581 ms ORIGIN=http://localhost:4200
2025-10-14T19:30:59.892Z GET /api/todos?page=1&per_page=12&done=false 304 - - 1.873 ms ORIGIN=http://localhost:4200
2025-10-14T19:30:59.898Z GET /api/todos?page=1&per_page=12&done=false 304 - - 1.930 ms ORIGIN=http://localhost:4200
2025-10-14T19:31:00.489Z OPTIONS /api/todos?page=1&per_page=12&done=false 204 0 - 0.118 ms ORIGIN=http://localhost:4200
2025-10-14T19:31:00.490Z GET /api/todos?page=2&per_page=12&done=false 304 - - 2.266 ms ORIGIN=http://localhost:4200
2025-10-14T19:31:00.493Z GET /api/todos?page=1&per_page=12&done=false 304 - - 2.179 ms ORIGIN=http://localhost:4200
2025-10-14T19:31:00.497Z GET /api/todos?page=1&per_page=12&done=false 200 1304 - 2.811 ms ORIGIN=http://localhost:4200
2025-10-14T19:31:07.817Z OPTIONS /api/todos 204 0 - 0.119 ms ORIGIN=http://localhost:4200
2025-10-14T19:31:07.835Z POST /api/todos 201 100 - 15.972 ms ORIGIN=http://localhost:4200
2025-10-14T19:31:07.840Z OPTIONS /api/todos?page=1&per_page=12&done=false 204 0 - 0.122 ms ORIGIN=http://localhost:4200
2025-10-14T19:31:07.843Z GET /api/todos?page=1&per_page=12&done=false 200 1304 - 2.112 ms ORIGIN=http://localhost:4200
2025-10-14T19:31:14.600Z OPTIONS /api/todos?page=1&per_page=12&done=false 204 0 - 0.236 ms ORIGIN=http://localhost:4200
2025-10-14T19:31:14.608Z OPTIONS /api/todos?page=1&per_page=12&done=false 204 0 - 0.129 ms ORIGIN=http://localhost:4200
2025-10-14T19:31:14.611Z GET /api/todos?page=1&per_page=12&done=false 304 - - 2.883 ms ORIGIN=http://localhost:4200
2025-10-14T19:31:14.612Z GET /api/todos?page=1&per_page=12&done=false 200 1304 - 2.510 ms ORIGIN=http://localhost:4200
2025-10-14T19:31:25.346Z OPTIONS /api/todos?page=1&per_page=12&done=false 204 0 - 0.182 ms ORIGIN=http://localhost:4200
2025-10-14T19:31:25.354Z OPTIONS /api/todos?page=1&per_page=12&done=false 204 0 - 0.134 ms ORIGIN=http://localhost:4200
2025-10-14T19:31:25.358Z GET /api/todos?page=1&per_page=12&done=false 304 - - 2.924 ms ORIGIN=http://localhost:4200
2025-10-14T19:31:25.358Z GET /api/todos?page=1&per_page=12&done=false 200 1304 - 2.254 ms ORIGIN=http://localhost:4200
2025-10-14T19:31:33.141Z OPTIONS /api/todos 204 0 - 0.123 ms ORIGIN=http://localhost:4200
2025-10-14T19:31:33.148Z POST /api/todos 201 96 - 5.471 ms ORIGIN=http://localhost:4200
2025-10-14T19:31:33.153Z OPTIONS /api/todos?page=1&per_page=12&done=false 204 0 - 0.140 ms ORIGIN=http://localhost:4200
2025-10-14T19:31:33.157Z GET /api/todos?page=1&per_page=12&done=false 200 1304 - 2.089 ms ORIGIN=http://localhost:4200
2025-10-14T19:31:38.465Z OPTIONS /api/todos?page=1&per_page=12&done=false 204 0 - 0.135 ms ORIGIN=http://localhost:4200
2025-10-14T19:31:38.469Z GET /api/todos?page=1&per_page=12&done=false 304 - - 1.961 ms ORIGIN=http://localhost:4200
2025-10-14T19:31:38.472Z GET /api/todos?page=1&per_page=12&done=false 304 - - 1.944 ms ORIGIN=http://localhost:4200
2025-10-14T19:31:43.240Z OPTIONS /api/todos 204 0 - 0.125 ms ORIGIN=http://localhost:4200
2025-10-14T19:31:43.246Z POST /api/todos 201 96 - 4.295 ms ORIGIN=http://localhost:4200
2025-10-14T19:31:43.253Z GET /api/todos?page=1&per_page=12&done=false 200 1304 - 2.377 ms ORIGIN=http://localhost:4200
2025-10-14T19:31:46.769Z OPTIONS /api/todos?page=2&per_page=12&done=false 204 0 - 0.155 ms ORIGIN=http://localhost:4200
2025-10-14T19:31:46.770Z OPTIONS /api/todos?page=1&per_page=12&done=false 204 0 - 0.096 ms ORIGIN=http://localhost:4200
2025-10-14T19:31:46.775Z GET /api/todos?page=2&per_page=12&done=false 200 464 - 4.646 ms ORIGIN=http://localhost:4200
2025-10-14T19:31:46.776Z GET /api/todos?page=1&per_page=12&done=false 304 - - 3.944 ms ORIGIN=http://localhost:4200
2025-10-14T19:31:46.787Z GET /api/todos?page=1&per_page=12&done=false 304 - - 7.489 ms ORIGIN=http://localhost:4200
2025-10-14T19:31:49.763Z GET /api/todos?page=2&per_page=12&done=false 304 - - 4.786 ms ORIGIN=http://localhost:4200
2025-10-14T19:31:49.763Z GET /api/todos?page=1&per_page=12&done=false 304 - - 4.238 ms ORIGIN=http://localhost:4200
2025-10-14T19:31:49.769Z GET /api/todos?page=1&per_page=12&done=false 304 - - 2.449 ms ORIGIN=http://localhost:4200
2025-10-14T19:32:06.821Z OPTIONS /api/todos?page=2&per_page=12&done=false 204 0 - 0.182 ms ORIGIN=http://localhost:4200
2025-10-14T19:32:06.824Z OPTIONS /api/todos?page=1&per_page=12&done=false 204 0 - 0.138 ms ORIGIN=http://localhost:4200
2025-10-14T19:32:06.827Z GET /api/todos?page=2&per_page=12&done=false 304 - - 2.261 ms ORIGIN=http://localhost:4200
2025-10-14T19:32:06.836Z GET /api/todos?page=1&per_page=12&done=false 304 - - 3.709 ms ORIGIN=http://localhost:4200
2025-10-14T19:32:06.842Z GET /api/todos?page=1&per_page=12&done=false 304 - - 2.284 ms ORIGIN=http://localhost:4200
2025-10-14T19:32:50.727Z OPTIONS /api/todos?page=2&per_page=12&done=false 204 0 - 0.245 ms ORIGIN=http://localhost:4200
2025-10-14T19:32:50.727Z OPTIONS /api/todos?page=1&per_page=12&done=false 204 0 - 0.088 ms ORIGIN=http://localhost:4200
2025-10-14T19:32:50.733Z GET /api/todos?page=2&per_page=12&done=false 304 - - 3.332 ms ORIGIN=http://localhost:4200
2025-10-14T19:32:50.734Z GET /api/todos?page=1&per_page=12&done=false 304 - - 1.750 ms ORIGIN=http://localhost:4200
2025-10-14T19:32:50.745Z GET /api/todos?page=1&per_page=12&done=false 304 - - 3.663 ms ORIGIN=http://localhost:4200
2025-10-14T19:32:56.367Z OPTIONS /api/todos?page=2&per_page=12&done=false 204 0 - 0.133 ms ORIGIN=http://localhost:4200
2025-10-14T19:32:56.368Z OPTIONS /api/todos?page=1&per_page=12&done=false 204 0 - 0.142 ms ORIGIN=http://localhost:4200
2025-10-14T19:32:56.381Z GET /api/todos?page=2&per_page=12&done=false 304 - - 3.811 ms ORIGIN=http://localhost:4200
2025-10-14T19:32:56.381Z GET /api/todos?page=1&per_page=12&done=false 304 - - 2.150 ms ORIGIN=http://localhost:4200
2025-10-14T19:32:56.390Z GET /api/todos?page=1&per_page=12&done=false 304 - - 3.157 ms ORIGIN=http://localhost:4200
